// Jest Snapshot v1, https://goo.gl/fbAQLP

exports[`matches snapshot 1`] = `
<DocumentFragment>
  <div
    data-testid="task"
  >
    task
    <button>
      X
    </button>
  </div>
</DocumentFragment>
`;
