// Jest Snapshot v1, https://goo.gl/fbAQLP

exports[`matches snapshot 1`] = `
<DocumentFragment>
  <div
    class="box"
    data-testid="box"
    style="--box-bg-color: black; --box-width: 50px; --box-height: 50px;"
  />
  <button>
    X
  </button>
</DocumentFragment>
`;
