// Jest Snapshot v1, https://goo.gl/fbAQLP

exports[`matches snapshot 1`] = `
<DocumentFragment>
  <form>
    <label
      for="backgroundColor"
    >
      Background color:
    </label>
    <input
      id="backgroundColor"
      name="backgroundColor"
      type="text"
      value=""
    />
    <label
      for="width"
    >
      Width:
    </label>
    <input
      id="width"
      name="width"
      type="number"
      value=""
    />
    <label
      for="height"
    >
      Height:
    </label>
    <input
      id="height"
      name="height"
      type="number"
      value=""
    />
    <button
      type="submit"
    >
      Add box
    </button>
  </form>
</DocumentFragment>
`;
